[debug] [2026-02-15T21:29:49.609Z] ----------------------------------------------------------------------
[debug] [2026-02-15T21:29:49.612Z] Command:       /opt/homebrew/Cellar/node/23.7.0/bin/node /opt/homebrew/bin/firebase deploy --only hosting
[debug] [2026-02-15T21:29:49.612Z] CLI Version:   15.0.0
[debug] [2026-02-15T21:29:49.612Z] Platform:      darwin
[debug] [2026-02-15T21:29:49.613Z] Node Version:  v23.7.0
[debug] [2026-02-15T21:29:49.613Z] Time:          Sun Feb 15 2026 16:29:49 GMT-0500 (Eastern Standard Time)
[debug] [2026-02-15T21:29:49.613Z] ----------------------------------------------------------------------
[debug] 
[debug] [2026-02-15T21:29:53.808Z] > command requires scopes: ["email","openid","https://www.googleapis.com/auth/cloudplatformprojects.readonly","https://www.googleapis.com/auth/firebase","https://www.googleapis.com/auth/cloud-platform"]
[debug] [2026-02-15T21:29:53.808Z] > authorizing via signed-in user (info@minaki.co.in)
[debug] [2026-02-15T21:29:53.808Z] [iam] checking project minaki-billing-system-dea30 for permissions ["firebase.projects.get","firebasehosting.sites.update"]
[debug] [2026-02-15T21:29:53.808Z] Checked if tokens are valid: true, expires at: 1771194574358
[debug] [2026-02-15T21:29:53.808Z] Checked if tokens are valid: true, expires at: 1771194574358
[debug] [2026-02-15T21:29:53.809Z] >>> [apiv2][query] POST https://cloudresourcemanager.googleapis.com/v1/projects/minaki-billing-system-dea30:testIamPermissions [none]
[debug] [2026-02-15T21:29:53.809Z] >>> [apiv2][(partial)header] POST https://cloudresourcemanager.googleapis.com/v1/projects/minaki-billing-system-dea30:testIamPermissions x-goog-quota-user=projects/minaki-billing-system-dea30
[debug] [2026-02-15T21:29:53.809Z] >>> [apiv2][body] POST https://cloudresourcemanager.googleapis.com/v1/projects/minaki-billing-system-dea30:testIamPermissions {"permissions":["firebase.projects.get","firebasehosting.sites.update"]}
[debug] [2026-02-15T21:29:54.006Z] <<< [apiv2][status] POST https://cloudresourcemanager.googleapis.com/v1/projects/minaki-billing-system-dea30:testIamPermissions 200
[debug] [2026-02-15T21:29:54.006Z] <<< [apiv2][body] POST https://cloudresourcemanager.googleapis.com/v1/projects/minaki-billing-system-dea30:testIamPermissions {"permissions":["firebase.projects.get","firebasehosting.sites.update"]}
[debug] [2026-02-15T21:29:54.006Z] Checked if tokens are valid: true, expires at: 1771194574358
[debug] [2026-02-15T21:29:54.006Z] Checked if tokens are valid: true, expires at: 1771194574358
[debug] [2026-02-15T21:29:54.006Z] >>> [apiv2][query] GET https://firebase.googleapis.com/v1beta1/projects/minaki-billing-system-dea30 [none]
[debug] [2026-02-15T21:29:54.249Z] <<< [apiv2][status] GET https://firebase.googleapis.com/v1beta1/projects/minaki-billing-system-dea30 200
[debug] [2026-02-15T21:29:54.249Z] <<< [apiv2][body] GET https://firebase.googleapis.com/v1beta1/projects/minaki-billing-system-dea30 {"projectId":"minaki-billing-system-dea30","projectNumber":"708553742984","displayName":"minaki-billing-system","name":"projects/minaki-billing-system-dea30","resources":{"hostingSite":"minaki-billing-system-dea30"},"state":"ACTIVE","etag":"1_48158886-73ba-40ad-afa4-aabaa0abe7cd"}
[info] 
[info] === Deploying to 'minaki-billing-system-dea30'...
[info] 
[info] i  deploying hosting 
[debug] [2026-02-15T21:29:54.255Z] Checked if tokens are valid: true, expires at: 1771194574358
[debug] [2026-02-15T21:29:54.255Z] Checked if tokens are valid: true, expires at: 1771194574358
[debug] [2026-02-15T21:29:54.255Z] >>> [apiv2][query] POST https://firebasehosting.googleapis.com/v1beta1/projects/-/sites/minaki-billing-system-dea30/versions [none]
[debug] [2026-02-15T21:29:54.256Z] >>> [apiv2][body] POST https://firebasehosting.googleapis.com/v1beta1/projects/-/sites/minaki-billing-system-dea30/versions {"status":"CREATED","labels":{"deployment-tool":"cli-firebase"}}
[debug] [2026-02-15T21:29:55.295Z] <<< [apiv2][status] POST https://firebasehosting.googleapis.com/v1beta1/projects/-/sites/minaki-billing-system-dea30/versions 200
[debug] [2026-02-15T21:29:55.295Z] <<< [apiv2][body] POST https://firebasehosting.googleapis.com/v1beta1/projects/-/sites/minaki-billing-system-dea30/versions {"name":"projects/708553742984/sites/minaki-billing-system-dea30/versions/df763d80353651f2","status":"CREATED","config":{},"labels":{"deployment-tool":"cli-firebase"}}
[info] i  hosting[minaki-billing-system-dea30]: beginning deploy... 
[info] i  hosting[minaki-billing-system-dea30]: found 6 files in dist 
[debug] [2026-02-15T21:29:55.315Z] [hosting] uploading with 200 concurrency
